docker : time="2026-03-3
0T23:05:04+07:00" 
level=warning msg="C:\\U
sers\\trinm\\.openclaw\\
workspace\\DoAnTotNghiep
\\docker-compose.yml: 
the attribute `version` 
is obsolete, it will be 
ignored, please remove 
it to avoid potential 
confusion"
At line:1 char:1
+ docker compose build 
gmp-api > 
build_output.txt 2>&1; 
Get-Content bui ...
+ ~~~~~~~~~~~~~~~~~~~~~~
~~~~~~~~~~~~~~~~~~~~~~~~
~~~~~~
    + CategoryInfo      
        : NotSpecified  
  : (time="2026-03-3.   
 ..tial confusion":S    
tring) [], RemoteEx    
ception
    + FullyQualifiedErr 
   orId : NativeComman  
  dError
 
time="2026-03-30T23:05:0
4+07:00" level=warning m
sg="C:\\Users\\trinm\\.o
penclaw\\workspace\\DoAn
TotNghiep\\docker-compos
e.override.yml: the 
attribute `version` is 
obsolete, it will be 
ignored, please remove 
it to avoid potential 
confusion"
 Image 
doantotnghiep-gmp-api 
Building 
#1 [internal] load local bake definitions
#1 reading from stdin 648B done
#1 DONE 0.0s

#2 [internal] load build definition from Dockerfile
#2 transferring dockerfile: 3.84kB 0.0s done
#2 DONE 0.0s

#3 [internal] load metadata for mcr.microsoft.com/dotnet/sdk:8.0
#3 DONE 0.2s

#4 [internal] load .dockerignore
#4 transferring context: 2B done
#4 DONE 0.0s

#5 [build 1/7] FROM mcr.microsoft.com/dotnet/sdk:8.0@sha256:a9330090b730c2abde8f3f43b3d1e24e4b8cba028de7bab1a7fdcd50cb7a3b7e
#5 resolve mcr.microsoft.com/dotnet/sdk:8.0@sha256:a9330090b730c2abde8f3f43b3d1e24e4b8cba028de7bab1a7fdcd50cb7a3b7e 0.0s done
#5 DONE 0.0s

#6 [internal] load build context
#6 transferring context: 15.18kB 0.0s done
#6 DONE 0.1s

#7 [build 2/7] WORKDIR /src
#7 CACHED

#8 [build 3/7] COPY [GMP_System.csproj, ./]
#8 CACHED

#9 [build 4/7] RUN dotnet restore "GMP_System.csproj"
#9 CACHED

#10 [build 5/7] COPY . .
#10 CACHED

#11 [build 6/7] RUN dotnet build "GMP_System.csproj" -c Release -o /app/build
#11 1.795   Determining projects to restore...
#11 2.686   All projects are up-to-date for restore.
#11 10.37 /src/Controllers/AuthController.cs(47,22): warning CS8602: Dereference of a possibly null reference. [/src/GMP_System.csproj]
#11 10.37 /src/Controllers/InventoryLotsController.cs(41,88): warning CS8603: Possible null reference return. [/src/GMP_System.csproj]
#11 10.37 /src/Program.cs(32,18): error CS1061: 'IServiceCollection' does not contain a definition for 'AddSwaggerGen' and no accessible extension method 'AddSwaggerGen' accepting a first argument of type 'IServiceCollection' could be found (are you missing a using directive or an assembly reference?) [/src/GMP_System.csproj]
#11 10.37 /src/Program.cs(41,28): error CS0246: The type or namespace name 'IProductionOrderRepository' could not be found (are you missing a using directive or an assembly reference?) [/src/GMP_System.csproj]
#11 10.37 /src/Program.cs(41,56): error CS0246: The type or namespace name 'ProductionOrderRepository' could not be found (are you missing a using directive or an assembly reference?) [/src/GMP_System.csproj]
#11 10.37 /src/Program.cs(42,28): error CS0246: The type or namespace name 'IBatchProcessLogRepository' could not be found (are you missing a using directive or an assembly reference?) [/src/GMP_System.csproj]
#11 10.37 /src/Program.cs(42,56): error CS0246: The type or namespace name 'BatchProcessLogRepository' could not be found (are you missing a using directive or an assembly reference?) [/src/GMP_System.csproj]
#11 10.37 /src/Program.cs(193,9): error CS1061: 'WebApplication' does not contain a definition for 'UseSwagger' and no accessible extension method 'UseSwagger' accepting a first argument of type 'WebApplication' could be found (are you missing a using directive or an assembly reference?) [/src/GMP_System.csproj]
#11 10.37 /src/Program.cs(194,9): error CS1061: 'WebApplication' does not contain a definition for 'UseSwaggerUI' and no accessible extension method 'UseSwaggerUI' accepting a first argument of type 'WebApplication' could be found (are you missing a using directive or an assembly reference?) [/src/GMP_System.csproj]
#11 10.39 
#11 10.40 Build FAILED.
#11 10.40 
#11 10.40 /src/Controllers/AuthController.cs(47,22): warning CS8602: Dereference of a possibly null reference. [/src/GMP_System.csproj]
#11 10.40 /src/Controllers/InventoryLotsController.cs(41,88): warning CS8603: Possible null reference return. [/src/GMP_System.csproj]
#11 10.40 /src/Program.cs(32,18): error CS1061: 'IServiceCollection' does not contain a definition for 'AddSwaggerGen' and no accessible extension method 'AddSwaggerGen' accepting a first argument of type 'IServiceCollection' could be found (are you missing a using directive or an assembly reference?) [/src/GMP_System.csproj]
#11 10.40 /src/Program.cs(41,28): error CS0246: The type or namespace name 'IProductionOrderRepository' could not be found (are you missing a using directive or an assembly reference?) [/src/GMP_System.csproj]
#11 10.40 /src/Program.cs(41,56): error CS0246: The type or namespace name 'ProductionOrderRepository' could not be found (are you missing a using directive or an assembly reference?) [/src/GMP_System.csproj]
#11 10.40 /src/Program.cs(42,28): error CS0246: The type or namespace name 'IBatchProcessLogRepository' could not be found (are you missing a using directive or an assembly reference?) [/src/GMP_System.csproj]
#11 10.40 /src/Program.cs(42,56): error CS0246: The type or namespace name 'BatchProcessLogRepository' could not be found (are you missing a using directive or an assembly reference?) [/src/GMP_System.csproj]
#11 10.40 /src/Program.cs(193,9): error CS1061: 'WebApplication' does not contain a definition for 'UseSwagger' and no accessible extension method 'UseSwagger' accepting a first argument of type 'WebApplication' could be found (are you missing a using directive or an assembly reference?) [/src/GMP_System.csproj]
#11 10.40 /src/Program.cs(194,9): error CS1061: 'WebApplication' does not contain a definition for 'UseSwaggerUI' and no accessible extension method 'UseSwaggerUI' accepting a first argument of type 'WebApplication' could be found (are you missing a using directive or an assembly reference?) [/src/GMP_System.csproj]
#11 10.40     2 Warning(s)
#11 10.40     7 Error(s)
#11 10.40 
#11 10.40 Time Elapsed 00:00:09.60
#11 ERROR: process "/bin/sh -c dotnet build \"GMP_System.csproj\" -c Release -o /app/build" did not complete successfully: exit code: 1
------
 > [build 6/7] RUN dotnet build "GMP_System.csproj" -c Release -o /app/build:
10.40 /src/Program.cs(41,28): error CS0246: The type or namespace name 'IProductionOrderRepository' could not be found (are you missing a using directive or an assembly reference?) [/src/GMP_System.csproj]
10.40 /src/Program.cs(41,56): error CS0246: The type or namespace name 'ProductionOrderRepository' could not be found (are you missing a using directive or an assembly reference?) [/src/GMP_System.csproj]
10.40 /src/Program.cs(42,28): error CS0246: The type or namespace name 'IBatchProcessLogRepository' could not be found (are you missing a using directive or an assembly reference?) [/src/GMP_System.csproj]
10.40 /src/Program.cs(42,56): error CS0246: The type or namespace name 'BatchProcessLogRepository' could not be found (are you missing a using directive or an assembly reference?) [/src/GMP_System.csproj]
10.40 /src/Program.cs(193,9): error CS1061: 'WebApplication' does not contain a definition for 'UseSwagger' and no accessible extension method 'UseSwagger' accepting a first argument of type 'WebApplication' could be found (are you missing a using directive or an assembly reference?) [/src/GMP_System.csproj]
10.40 /src/Program.cs(194,9): error CS1061: 'WebApplication' does not contain a definition for 'UseSwaggerUI' and no accessible extension method 'UseSwaggerUI' accepting a first argument of type 'WebApplication' could be found (are you missing a using directive or an assembly reference?) [/src/GMP_System.csproj]
10.40     2 Warning(s)
10.40     7 Error(s)
10.40 
10.40 Time Elapsed 00:00:09.60
------
Dockerfile:24

--------------------

  22 |     COPY . .

  23 |     # K├¡ch 
─æß║ín Compiler C# (-c 
Release) loß║íi bß╗Å 
file gß╗í gß╗í lß╗ùi 
PDB nß║╖ng nß╗ü. Gom 
r├íc Build nh├⌐t v├áo 
`/app/build`

  24 | >>> RUN dotnet 
build 
"GMP_System.csproj" -c 
Release -o /app/build

  25 |     

  26 |     # B╞»ß╗ÜC 
1.3: ─É├│ng cß╗Ñc 
phß║ºn mß╗üm (Publish)

--------------------

failed to solve: 
process "/bin/sh -c 
dotnet build 
\"GMP_System.csproj\" 
-c Release -o 
/app/build" did not 
complete successfully: 
exit code: 1



View build details: dock
er-desktop://dashboard/b
uild/default/default/2up
njzkg6ieom056stp4fvd6w

